---
source: tests/visual/snapshots.rs
description: Table columns popup showing column details
expression: output
---
╭──────────────────────────────────────────────────────────────────────────────╮
│Query Crafter - [1] Tables [2] Query [3] Results                              │
╰──────────────────────────────────────────────────────────────────────────────╯
╭[1] Tables────╮Query [t] History [t]                                           
│users  ╭Table Columns - users (ESC to close)──────────────────────────╮        
│posts  │                      Loading columns...                      │───────╮
│comment│                                                              │       │
│       │                                                              │       │
│       │                                                              │       │
│       │                                                              │       │
│       │                                                              │       │
│       │                                                              │       │
│       │                                                              │       │
│       │                                                              │       │
│       │                                                              │       │
│       │                                                              │       │
│       │                                                              │       │
│       │                                                              │       │
│       │                                                              │       │
│       ╰──────────────────────────────────────────────────────────────╯       │
│              ││                                                              │
│              ││                                                              │
│              │╰──────────────────────────────────────────────────────────────╯
╰──────────────╯╭[3] Results───────────────────────────────────────────────────╮
